------------------------------------------------------------
Timing Analyzer Summary
------------------------------------------------------------

Type  : Slow 1200mV 85C Model Setup 'CLK50'
Slack : 8.378
TNS   : 0.000

Type  : Slow 1200mV 85C Model Setup 'VGA_CLK'
Slack : 11.872
TNS   : 0.000

Type  : Slow 1200mV 85C Model Hold 'VGA_CLK'
Slack : 0.403
TNS   : 0.000

Type  : Slow 1200mV 85C Model Hold 'CLK50'
Slack : 0.404
TNS   : 0.000

Type  : Slow 1200mV 85C Model Recovery 'VGA_CLK'
Slack : 11.495
TNS   : 0.000

Type  : Slow 1200mV 85C Model Removal 'VGA_CLK'
Slack : 3.131
TNS   : 0.000

Type  : Slow 1200mV 85C Model Minimum Pulse Width 'CLK50'
Slack : 9.681
TNS   : 0.000

Type  : Slow 1200mV 85C Model Minimum Pulse Width 'VGA_CLK'
Slack : 9.708
TNS   : 0.000

Type  : Slow 1200mV 0C Model Setup 'CLK50'
Slack : 9.308
TNS   : 0.000

Type  : Slow 1200mV 0C Model Setup 'VGA_CLK'
Slack : 12.522
TNS   : 0.000

Type  : Slow 1200mV 0C Model Hold 'VGA_CLK'
Slack : 0.355
TNS   : 0.000

Type  : Slow 1200mV 0C Model Hold 'CLK50'
Slack : 0.356
TNS   : 0.000

Type  : Slow 1200mV 0C Model Recovery 'VGA_CLK'
Slack : 12.564
TNS   : 0.000

Type  : Slow 1200mV 0C Model Removal 'VGA_CLK'
Slack : 2.807
TNS   : 0.000

Type  : Slow 1200mV 0C Model Minimum Pulse Width 'CLK50'
Slack : 9.646
TNS   : 0.000

Type  : Slow 1200mV 0C Model Minimum Pulse Width 'VGA_CLK'
Slack : 9.710
TNS   : 0.000

Type  : Fast 1200mV 0C Model Setup 'CLK50'
Slack : 13.974
TNS   : 0.000

Type  : Fast 1200mV 0C Model Setup 'VGA_CLK'
Slack : 15.856
TNS   : 0.000

Type  : Fast 1200mV 0C Model Hold 'VGA_CLK'
Slack : 0.182
TNS   : 0.000

Type  : Fast 1200mV 0C Model Hold 'CLK50'
Slack : 0.183
TNS   : 0.000

Type  : Fast 1200mV 0C Model Recovery 'VGA_CLK'
Slack : 15.014
TNS   : 0.000

Type  : Fast 1200mV 0C Model Removal 'VGA_CLK'
Slack : 1.476
TNS   : 0.000

Type  : Fast 1200mV 0C Model Minimum Pulse Width 'CLK50'
Slack : 9.437
TNS   : 0.000

Type  : Fast 1200mV 0C Model Minimum Pulse Width 'VGA_CLK'
Slack : 9.779
TNS   : 0.000

------------------------------------------------------------
